// Jest Snapshot v1, https://goo.gl/fbAQLP

exports[`checking to see that guess options disappear after max guesses 1`] = `
<div>
  <div
    class="Snowman"
  >
    <img
      alt="3"
      src="3.png"
    />
    <p
      class="number-wrong"
    >
      Number of wrong guesses: 
      3
    </p>
    <p
      class="Snowman-word"
    >
      _
      _
      _
    </p>
    <p
      class="letter-buttons hidden"
    >
      <button
        value="a"
      >
        a
      </button>
      <button
        value="b"
      >
        b
      </button>
      <button
        value="c"
      >
        c
      </button>
      <button
        value="d"
      >
        d
      </button>
      <button
        value="e"
      >
        e
      </button>
      <button
        value="f"
      >
        f
      </button>
      <button
        value="g"
      >
        g
      </button>
      <button
        value="h"
      >
        h
      </button>
      <button
        value="i"
      >
        i
      </button>
      <button
        value="j"
      >
        j
      </button>
      <button
        value="k"
      >
        k
      </button>
      <button
        value="l"
      >
        l
      </button>
      <button
        value="m"
      >
        m
      </button>
      <button
        value="n"
      >
        n
      </button>
      <button
        value="o"
      >
        o
      </button>
      <button
        value="p"
      >
        p
      </button>
      <button
        value="q"
      >
        q
      </button>
      <button
        value="r"
      >
        r
      </button>
      <button
        value="s"
      >
        s
      </button>
      <button
        value="t"
      >
        t
      </button>
      <button
        value="u"
      >
        u
      </button>
      <button
        value="v"
      >
        v
      </button>
      <button
        value="w"
      >
        w
      </button>
      <button
        disabled=""
        value="x"
      >
        x
      </button>
      <button
        disabled=""
        value="y"
      >
        y
      </button>
      <button
        disabled=""
        value="z"
      >
        z
      </button>
    </p>
    <div
      class="result"
    >
      You lose!
      <p>
        The word was 
        cat
      </p>
    </div>
  </div>
</div>
`;
